127.0.0.1 - - [11/Feb/2020:15:14:55 +0900] "GET / HTTP/1.1" 404 1115
0:0:0:0:0:0:0:1 - - [11/Feb/2020:15:14:57 +0900] "GET /fcmtest/ HTTP/1.1" 200 164
0:0:0:0:0:0:0:1 - - [11/Feb/2020:15:16:28 +0900] "GET /fcmtest/send_fcm.do?title=test&content=hi~ HTTP/1.1" 200 4
0:0:0:0:0:0:0:1 - - [11/Feb/2020:15:17:07 +0900] "GET /fcmtest/send_fcm.do?title=hi~&content=Hi%20Everyone!! HTTP/1.1" 200 4
0:0:0:0:0:0:0:1 - - [11/Feb/2020:15:26:10 +0900] "GET /fcmtest/send_fcm.do?title=hi~&content=Hi%20Everyone!! HTTP/1.1" 200 4
0:0:0:0:0:0:0:1 - - [11/Feb/2020:15:26:10 +0900] "GET /favicon.ico HTTP/1.1" 404 1126
0:0:0:0:0:0:0:1 - - [11/Feb/2020:15:26:12 +0900] "GET /fcmtest/send_fcm.do?title=hi~&content=Hi%20Everyone!! HTTP/1.1" 200 4
0:0:0:0:0:0:0:1 - - [11/Feb/2020:15:26:13 +0900] "GET /fcmtest/send_fcm.do?title=hi~&content=Hi%20Everyone!! HTTP/1.1" 200 4
0:0:0:0:0:0:0:1 - - [11/Feb/2020:15:26:15 +0900] "GET /fcmtest/send_fcm.do?title=hi~&content=Hi%20Everyone!! HTTP/1.1" 200 4
127.0.0.1 - - [11/Feb/2020:15:58:47 +0900] "GET / HTTP/1.1" 404 1115
0:0:0:0:0:0:0:1 - - [11/Feb/2020:15:58:48 +0900] "GET /fcmtest/test_fcm.jsp HTTP/1.1" 200 1306
0:0:0:0:0:0:0:1 - - [11/Feb/2020:15:59:35 +0900] "GET /fcmtest/send_fcm.do?title=%EC%9E%98%EB%93%A4%EC%96%B4%EA%B0%80%EB%82%98%3F&content=%EC%9B%B9%EC%9D%84+%ED%86%B5%ED%95%B4%EC%84%9C+%EB%A9%94%EC%8B%9C%EC%A7%80+%EC%A0%84%EC%86%A1 HTTP/1.1" 200 7
0:0:0:0:0:0:0:1 - - [11/Feb/2020:16:00:11 +0900] "GET /fcmtest/send_fcm.do?title=%EA%B3%B5%EC%A7%80%ED%95%A9%EB%8B%88%EB%8B%A4&content=%EC%98%A4%EB%8A%98%EC%88%98%EC%97%85%EC%9D%80+%EC%97%AC%EA%B8%B0%EA%B9%8C%EC%A7%80%EC%9E%85%EB%8B%88%EB%8B%A4 HTTP/1.1" 200 7
0:0:0:0:0:0:0:1 - - [11/Feb/2020:16:00:52 +0900] "GET /fcmtest/send_fcm.do?title=%EA%B3%B5%EC%A7%80%ED%95%A9%EB%8B%88%EB%8B%A4&content=%EC%98%A4%EB%8A%98%EC%88%98%EC%97%85%EC%9D%80+%EC%97%AC%EA%B8%B0%EA%B9%8C%EC%A7%80%EC%9E%85%EB%8B%88%EB%8B%A4 HTTP/1.1" 200 7
0:0:0:0:0:0:0:1 - - [11/Feb/2020:16:00:55 +0900] "GET /fcmtest/send_fcm.do?title=%EA%B3%B5%EC%A7%80%ED%95%A9%EB%8B%88%EB%8B%A4&content=%EC%98%A4%EB%8A%98%EC%88%98%EC%97%85%EC%9D%80+%EC%97%AC%EA%B8%B0%EA%B9%8C%EC%A7%80%EC%9E%85%EB%8B%88%EB%8B%A4 HTTP/1.1" 200 7
0:0:0:0:0:0:0:1 - - [11/Feb/2020:16:00:57 +0900] "GET /fcmtest/send_fcm.do?title=%EA%B3%B5%EC%A7%80%ED%95%A9%EB%8B%88%EB%8B%A4&content=%EC%98%A4%EB%8A%98%EC%88%98%EC%97%85%EC%9D%80+%EC%97%AC%EA%B8%B0%EA%B9%8C%EC%A7%80%EC%9E%85%EB%8B%88%EB%8B%A4 HTTP/1.1" 200 7
0:0:0:0:0:0:0:1 - - [11/Feb/2020:16:01:00 +0900] "GET /fcmtest/send_fcm.do?title=%EA%B3%B5%EC%A7%80%ED%95%A9%EB%8B%88%EB%8B%A4&content=%EC%98%A4%EB%8A%98%EC%88%98%EC%97%85%EC%9D%80+%EC%97%AC%EA%B8%B0%EA%B9%8C%EC%A7%80%EC%9E%85%EB%8B%88%EB%8B%A4 HTTP/1.1" 200 7
0:0:0:0:0:0:0:1 - - [11/Feb/2020:16:01:03 +0900] "GET /fcmtest/send_fcm.do?title=%EA%B3%B5%EC%A7%80%ED%95%A9%EB%8B%88%EB%8B%A4&content=%EC%98%A4%EB%8A%98%EC%88%98%EC%97%85%EC%9D%80+%EC%97%AC%EA%B8%B0%EA%B9%8C%EC%A7%80%EC%9E%85%EB%8B%88%EB%8B%A4 HTTP/1.1" 200 7
0:0:0:0:0:0:0:1 - - [11/Feb/2020:16:01:06 +0900] "GET /fcmtest/send_fcm.do?title=%EA%B3%B5%EC%A7%80%ED%95%A9%EB%8B%88%EB%8B%A4&content=%EC%98%A4%EB%8A%98%EC%88%98%EC%97%85%EC%9D%80+%EC%97%AC%EA%B8%B0%EA%B9%8C%EC%A7%80%EC%9E%85%EB%8B%88%EB%8B%A4 HTTP/1.1" 200 7
0:0:0:0:0:0:0:1 - - [11/Feb/2020:16:02:16 +0900] "GET /fcmtest/send_fcm.do?title=%EA%B3%B5%EC%A7%80%ED%95%A9%EB%8B%88%EB%8B%A4&content=%EC%98%A4%EB%8A%98%EC%88%98%EC%97%85%EC%9D%80+%EC%97%AC%EA%B8%B0%EA%B9%8C%EC%A7%80%EC%9E%85%EB%8B%88%EB%8B%A4 HTTP/1.1" 200 7
127.0.0.1 - - [11/Feb/2020:16:22:03 +0900] "GET / HTTP/1.1" 404 1115
0:0:0:0:0:0:0:1 - - [11/Feb/2020:16:22:04 +0900] "GET /fcmtest/test_fcm.jsp HTTP/1.1" 200 1310
0:0:0:0:0:0:0:1 - - [11/Feb/2020:16:22:51 +0900] "GET /fcmtest/send_token.do?token=c2VSFkXz0dQ:APA91bFJrgShUbYHY87yXRY7pgNtIeXRMW7rhoueCPpsOgsm4QTJmrK7tRmQKoCUP-fZAG8xBLUNXQJrhMo3EFqJ8EgRNi0xMRW5_zXAG1bojGfIx3Ayhvqy0EURPAI5Rq4hkFvedFAJ HTTP/1.1" 200 7
192.168.0.2 - - [11/Feb/2020:16:23:57 +0900] "GET /fcmtest/send_token.do?token=c2VSFkXz0dQ:APA91bFJrgShUbYHY87yXRY7pgNtIeXRMW7rhoueCPpsOgsm4QTJmrK7tRmQKoCUP-fZAG8xBLUNXQJrhMo3EFqJ8EgRNi0xMRW5_zXAG1bojGfIx3Ayhvqy0EURPAI5Rq4hkFvedFAJ HTTP/1.1" 200 7
192.168.0.2 - - [11/Feb/2020:16:23:57 +0900] "GET /favicon.ico HTTP/1.1" 404 1126
192.168.0.53 - - [11/Feb/2020:16:24:41 +0900] "GET /fcmtest/testfcm.jsp HTTP/1.1" 404 1138
192.168.0.53 - - [11/Feb/2020:16:24:42 +0900] "GET /favicon.ico HTTP/1.1" 404 1126
192.168.0.53 - - [11/Feb/2020:16:25:06 +0900] "GET /fcmtest/send_fcm.do HTTP/1.1" 200 7
192.168.0.62 - - [11/Feb/2020:16:25:24 +0900] "GET /fcmtest/send_token.do?token=cIHMCj4PfDM:APA91bGhfwbtR71qxogm7FuNMp0Hi5q7XKlNBZJ2EKx7qn6ZfX_nSg3sb9LtyWq4S3CaRet5QGurSRH_aLPOOaZZc330KvJHZep6wm0uFFGnohPZAiXJWCciI4ebp-M_B5o4sUvx558y HTTP/1.1" 200 7
192.168.0.62 - - [11/Feb/2020:16:25:24 +0900] "GET /favicon.ico HTTP/1.1" 404 1126
192.168.0.44 - - [11/Feb/2020:16:25:34 +0900] "GET /fcmtest/send_token.do HTTP/1.1" 200 7
192.168.0.44 - - [11/Feb/2020:16:25:34 +0900] "GET /favicon.ico HTTP/1.1" 404 1126
192.168.0.53 - - [11/Feb/2020:16:25:36 +0900] "GET /fcmtest/send_token.do?token=d5bVYZW31RA:APA91bFXwU9dInvN4e0772Uj3bYvo1nlQZ1fEDI-xeV8X9lbST0cRdZ4Rqd9S_nOMN3tOxHQQPcEU7ceHokRKXjn7d9mJ2RJe3YUqkNk_s1We-UGVx9H8ZJX34fRv8QCidh2Tjlqrt9O HTTP/1.1" 200 7
192.168.0.44 - - [11/Feb/2020:16:25:41 +0900] "GET /fcmtest/send_token.do HTTP/1.1" 200 7
192.168.0.44 - - [11/Feb/2020:16:26:07 +0900] "GET /fcmtest/send_token.do?token=dUqLXqFrO9M:APA91bGRsXaf9Hs1txxCUUrRnJvxiT06_ONgcnkay9t5Rb6BVutCGPIrlllxfA58FRGMMNOWUkQBDo_I3ovf9R_Bvn7SWG5h-FedkXhEOOF-xgClpE1ECjm0biriL7EzKzL2EWmxNMS7 HTTP/1.1" 200 7
192.168.0.9 - - [11/Feb/2020:16:26:15 +0900] "GET /fcmtest/send/send_token.do?token=dYSiTVZyt50:APA91bFhAt1IAWQ2ULpbz4ZqiAvPPYQdyr5pIvTQT7XNivjM_C4m1InaNtbAUBO-ZeP49DdDYhZwoV2zHB3Zpcfb_8Wwu5SUcYxt704d67zmVD1gWq4i4pOuvLjlDhUhdvg5ZggqRmgZ HTTP/1.1" 404 1086
192.168.0.9 - - [11/Feb/2020:16:26:15 +0900] "GET /favicon.ico HTTP/1.1" 404 1126
192.168.0.9 - - [11/Feb/2020:16:26:34 +0900] "GET /fcmtest/send/send_token.do?token=dYSiTVZyt50:APA91bFhAt1IAWQ2ULpbz4ZqiAvPPYQdyr5pIvTQT7XNivjM_C4m1InaNtbAUBO-ZeP49DdDYhZwoV2zHB3Zpcfb_8Wwu5SUcYxt704d67zmVD1gWq4i4pOuvLjlDhUhdvg5ZggqRmgZ HTTP/1.1" 404 1086
192.168.0.54 - - [11/Feb/2020:16:26:36 +0900] "GET /fcmtest/send_token.do?token=APA91bGMajvtCxf0zhmsdjVWDsEuP7NZvIMPCBRNjYz9HrXfkPCzqVwzCauZPoqoPMrAKvJeKA0xgprkFFcoxHI7DaVfjQQEcNNwHzAWTxEtAq649naYQu6z_-7ZsaItkvOnKUtzQOeM HTTP/1.1" 200 7
192.168.0.54 - - [11/Feb/2020:16:26:36 +0900] "GET /favicon.ico HTTP/1.1" 404 1126
192.168.0.9 - - [11/Feb/2020:16:26:52 +0900] "GET /fcmtest/send_token.do?token=dYSiTVZyt50:APA91bFhAt1IAWQ2ULpbz4ZqiAvPPYQdyr5pIvTQT7XNivjM_C4m1InaNtbAUBO-ZeP49DdDYhZwoV2zHB3Zpcfb_8Wwu5SUcYxt704d67zmVD1gWq4i4pOuvLjlDhUhdvg5ZggqRmgZ HTTP/1.1" 200 7
0:0:0:0:0:0:0:1 - - [11/Feb/2020:16:27:11 +0900] "GET /fcmtest/send_fcm_all.do?title=%EC%9E%98%EB%93%A4+%EB%93%A4%EC%96%B4%EA%B0%80%EB%82%98%EC%9A%94%3F&content=%EB%AA%A8%EB%91%90+%EB%B0%9B%EC%95%98%EB%82%98%EC%9A%94... HTTP/1.1" 200 7
192.168.0.54 - - [11/Feb/2020:16:27:43 +0900] "GET /fcmtest/send_token.do?token=APA91bGMajvtCxf0zhmsdjVWDsEuP7NZvIMPCBRNjYz9HrXfkPCzqVwzCauZPoqoPMrAKvJeKA0xgprkFFcoxHI7DaVfjQQEcNNwHzAWTxEtAq649naYQu6z_-7ZsaItkvOnKUtzQOeM HTTP/1.1" 200 7
192.168.0.54 - - [11/Feb/2020:16:27:44 +0900] "GET /fcmtest/send_token.do?token=APA91bGMajvtCxf0zhmsdjVWDsEuP7NZvIMPCBRNjYz9HrXfkPCzqVwzCauZPoqoPMrAKvJeKA0xgprkFFcoxHI7DaVfjQQEcNNwHzAWTxEtAq649naYQu6z_-7ZsaItkvOnKUtzQOeM HTTP/1.1" 200 7
0:0:0:0:0:0:0:1 - - [11/Feb/2020:16:28:08 +0900] "GET /fcmtest/test_fcm.jsp HTTP/1.1" 200 1310
0:0:0:0:0:0:0:1 - - [11/Feb/2020:16:28:08 +0900] "GET /fcmtest/test_fcm.jsp HTTP/1.1" 200 1310
192.168.0.131 - - [11/Feb/2020:16:28:20 +0900] "GET /fcmtest/send_token.do?token=APA91bGMajvtCxf0zhmsdjVWDsEuP7NZvIMPCBRNjYz9HrXfkPCzqVwzCauZPoqoPMrAKvJeKA0xgprkFFcoxHI7DaVfjQQEcNNwHzAWTxEtAq649naYQu6z_-7ZsaItkvOnKUtzQOeM HTTP/1.1" 200 7
192.168.0.131 - - [11/Feb/2020:16:28:20 +0900] "GET /favicon.ico HTTP/1.1" 404 1126
0:0:0:0:0:0:0:1 - - [11/Feb/2020:16:28:32 +0900] "GET /fcmtest/send_fcm_all.do?title=%EA%B3%B5%EC%A7%80%EC%82%AC%ED%95%AD&content=%EC%88%98%EC%97%85%EB%81%9D%EC%9E%85%EB%8B%88%EB%8B%A4... HTTP/1.1" 200 7
192.168.0.131 - - [11/Feb/2020:16:29:06 +0900] "GET /fcmtest/send_token.do?token=APA91bFhLRw2aNB9CdinHxyJ8wFIbhlW-8D3qW4ut73l5w5D7iJe9g-O9jJNHPbcaqVDocbQOvZyFQLbxO3LSDluGoI_2_2Pet9niHcPwgDsWtRUhLK8sysZJrR7BaUN1jPOQlX6pkou HTTP/1.1" 200 7
192.168.0.44 - - [11/Feb/2020:16:30:16 +0900] "GET /fcmtest/send_token.do?token=dUqLXqFrO9M:APA91bGRsXaf9Hs1txxCUUrRnJvxiT06_ONgcnkay9t5Rb6BVutCGPIrlllxfA58FRGMMNOWUkQBDo_I3ovf9R_Bvn7SWG5h-FedkXhEOOF-xgClpE1ECjm0biriL7EzKzL2EWmxNMS7 HTTP/1.1" 200 7
127.0.0.1 - - [11/Feb/2020:16:30:30 +0900] "GET / HTTP/1.1" 404 1115
192.168.0.44 - - [11/Feb/2020:16:30:30 +0900] "GET /fcmtest/send_token.do?token=dUqLXqFrO9M:APA91bGRsXaf9Hs1txxCUUrRnJvxiT06_ONgcnkay9t5Rb6BVutCGPIrlllxfA58FRGMMNOWUkQBDo_I3ovf9R_Bvn7SWG5h-FedkXhEOOF-xgClpE1ECjm0biriL7EzKzL2EWmxNMS7 HTTP/1.1" 200 7
192.168.0.53 - - [11/Feb/2020:16:30:40 +0900] "GET /fcmtest/send_token.do?token=d5bVYZW31RA:APA91bFXwU9dInvN4e0772Uj3bYvo1nlQZ1fEDI-xeV8X9lbST0cRdZ4Rqd9S_nOMN3tOxHQQPcEU7ceHokRKXjn7d9mJ2RJe3YUqkNk_s1We-UGVx9H8ZJX34fRv8QCidh2Tjlqrt9O HTTP/1.1" 200 7
192.168.0.62 - - [11/Feb/2020:16:30:45 +0900] "GET /fcmtest/send_token.do?token=cIHMCj4PfDM:APA91bGhfwbtR71qxogm7FuNMp0Hi5q7XKlNBZJ2EKx7qn6ZfX_nSg3sb9LtyWq4S3CaRet5QGurSRH_aLPOOaZZc330KvJHZep6wm0uFFGnohPZAiXJWCciI4ebp-M_B5o4sUvx558y HTTP/1.1" 200 7
192.168.0.44 - - [11/Feb/2020:16:30:47 +0900] "GET /fcmtest/send_token.do?token=dUqLXqFrO9M:APA91bGRsXaf9Hs1txxCUUrRnJvxiT06_ONgcnkay9t5Rb6BVutCGPIrlllxfA58FRGMMNOWUkQBDo_I3ovf9R_Bvn7SWG5h-FedkXhEOOF-xgClpE1ECjm0biriL7EzKzL2EWmxNMS7 HTTP/1.1" 200 7
192.168.0.2 - - [11/Feb/2020:16:30:47 +0900] "GET /fcmtest/send_token.do?token=c2VSFkXz0dQ:APA91bFJrgShUbYHY87yXRY7pgNtIeXRMW7rhoueCPpsOgsm4QTJmrK7tRmQKoCUP-fZAG8xBLUNXQJrhMo3EFqJ8EgRNi0xMRW5_zXAG1bojGfIx3Ayhvqy0EURPAI5Rq4hkFvedFAJ HTTP/1.1" 200 7
192.168.0.53 - - [11/Feb/2020:16:30:48 +0900] "GET /fcmtest/send_token.do?token=d5bVYZW31RA:APA91bFXwU9dInvN4e0772Uj3bYvo1nlQZ1fEDI-xeV8X9lbST0cRdZ4Rqd9S_nOMN3tOxHQQPcEU7ceHokRKXjn7d9mJ2RJe3YUqkNk_s1We-UGVx9H8ZJX34fRv8QCidh2Tjlqrt9O HTTP/1.1" 200 7
192.168.0.2 - - [11/Feb/2020:16:30:50 +0900] "GET /fcmtest/send_token.do?token=c2VSFkXz0dQ:APA91bFJrgShUbYHY87yXRY7pgNtIeXRMW7rhoueCPpsOgsm4QTJmrK7tRmQKoCUP-fZAG8xBLUNXQJrhMo3EFqJ8EgRNi0xMRW5_zXAG1bojGfIx3Ayhvqy0EURPAI5Rq4hkFvedFAJ HTTP/1.1" 200 7
192.168.0.104 - - [11/Feb/2020:16:31:11 +0900] "GET /fcmtest/send_token.do?token=cvPLKPGiotU:APA91bGkR3w03BOqN5D0Kf1TdOUkY9D89iCaYHIGj4Yqqn9hfS7BbROi81zGfJRmhVaz53LPHuCpYD-BG5gnhYe6xFQmncUjPcfQciaTKJSxNLpcqsS_64vEWDYN6Z6gA3BFXr7PEErC HTTP/1.1" 200 7
192.168.0.104 - - [11/Feb/2020:16:31:12 +0900] "GET /favicon.ico HTTP/1.1" 404 1126
0:0:0:0:0:0:0:1 - - [11/Feb/2020:16:31:13 +0900] "GET /fcmtest/test_fcm.jsp HTTP/1.1" 200 1310
0:0:0:0:0:0:0:1 - - [11/Feb/2020:16:31:13 +0900] "GET /fcmtest/test_fcm.jsp HTTP/1.1" 200 1310
0:0:0:0:0:0:0:1 - - [11/Feb/2020:16:31:13 +0900] "GET /fcmtest/test_fcm.jsp HTTP/1.1" 200 1310
192.168.0.104 - - [11/Feb/2020:16:31:13 +0900] "GET /fcmtest/send_token.do?token=cvPLKPGiotU:APA91bGkR3w03BOqN5D0Kf1TdOUkY9D89iCaYHIGj4Yqqn9hfS7BbROi81zGfJRmhVaz53LPHuCpYD-BG5gnhYe6xFQmncUjPcfQciaTKJSxNLpcqsS_64vEWDYN6Z6gA3BFXr7PEErC HTTP/1.1" 200 7
0:0:0:0:0:0:0:1 - - [11/Feb/2020:16:31:13 +0900] "GET /fcmtest/test_fcm.jsp HTTP/1.1" 200 1310
0:0:0:0:0:0:0:1 - - [11/Feb/2020:16:31:13 +0900] "GET /fcmtest/test_fcm.jsp HTTP/1.1" 200 1310
0:0:0:0:0:0:0:1 - - [11/Feb/2020:16:31:31 +0900] "GET /fcmtest/send_fcm_all.do?title=%EA%B3%B5%EC%A7%80%EC%82%AC%ED%95%AD&content=%EC%A0%95%EB%A7%90+%EC%88%98%EC%97%85+%EB%81%9D%EC%9E%85%EB%8B%88%EB%8B%A4... HTTP/1.1" 200 7
127.0.0.1 - - [11/Feb/2020:17:19:38 +0900] "GET / HTTP/1.1" 404 1115
0:0:0:0:0:0:0:1 - - [11/Feb/2020:17:19:39 +0900] "GET /fcmtest/ HTTP/1.1" 200 164
192.168.0.2 - - [11/Feb/2020:17:20:25 +0900] "GET /fcmtest/send_token.do?token=c2VSFkXz0dQ:APA91bFJrgShUbYHY87yXRY7pgNtIeXRMW7rhoueCPpsOgsm4QTJmrK7tRmQKoCUP-fZAG8xBLUNXQJrhMo3EFqJ8EgRNi0xMRW5_zXAG1bojGfIx3Ayhvqy0EURPAI5Rq4hkFvedFAJ HTTP/1.1" 200 7
192.168.0.2 - - [11/Feb/2020:17:20:28 +0900] "GET /fcmtest/send_token.do?token=c2VSFkXz0dQ:APA91bFJrgShUbYHY87yXRY7pgNtIeXRMW7rhoueCPpsOgsm4QTJmrK7tRmQKoCUP-fZAG8xBLUNXQJrhMo3EFqJ8EgRNi0xMRW5_zXAG1bojGfIx3Ayhvqy0EURPAI5Rq4hkFvedFAJ HTTP/1.1" 200 7
192.168.0.2 - - [11/Feb/2020:17:20:29 +0900] "GET /fcmtest/send_token.do?token=c2VSFkXz0dQ:APA91bFJrgShUbYHY87yXRY7pgNtIeXRMW7rhoueCPpsOgsm4QTJmrK7tRmQKoCUP-fZAG8xBLUNXQJrhMo3EFqJ8EgRNi0xMRW5_zXAG1bojGfIx3Ayhvqy0EURPAI5Rq4hkFvedFAJ HTTP/1.1" 200 7
192.168.0.44 - - [11/Feb/2020:17:21:17 +0900] "GET /fcmtest/send_token.do?token=dUqLXqFrO9M:APA91bGRsXaf9Hs1txxCUUrRnJvxiT06_ONgcnkay9t5Rb6BVutCGPIrlllxfA58FRGMMNOWUkQBDo_I3ovf9R_Bvn7SWG5h-FedkXhEOOF-xgClpE1ECjm0biriL7EzKzL2EWmxNMS7 HTTP/1.1" 200 7
192.168.0.44 - - [11/Feb/2020:17:21:19 +0900] "GET /fcmtest/send_token.do?token=dUqLXqFrO9M:APA91bGRsXaf9Hs1txxCUUrRnJvxiT06_ONgcnkay9t5Rb6BVutCGPIrlllxfA58FRGMMNOWUkQBDo_I3ovf9R_Bvn7SWG5h-FedkXhEOOF-xgClpE1ECjm0biriL7EzKzL2EWmxNMS7 HTTP/1.1" 200 7
192.168.0.62 - - [11/Feb/2020:17:22:15 +0900] "GET /fcmtest/send_token.do?token?cIHMCj4PfDM:APA91bGhfwbtR71qxogm7FuNMp0Hi5q7XKlNBZJ2EKx7qn6ZfX_nSg3sb9LtyWq4S3CaRet5QGurSRH_aLPOOaZZc330KvJHZep6wm0uFFGnohPZAiXJWCciI4ebp-M_B5o4sUvx558y HTTP/1.1" 200 7
192.168.0.62 - - [11/Feb/2020:17:22:15 +0900] "GET /favicon.ico HTTP/1.1" 404 1126
0:0:0:0:0:0:0:1 - - [11/Feb/2020:17:22:30 +0900] "GET /fcmtest/send_fcm_all.do?title=%EA%B3%B5%EC%A7%80%EC%82%AC%ED%95%AD&content=%EB%A9%94%EC%8B%9C%EC%A7%80+%EC%A0%95%EB%A7%90+%EB%93%A4%EC%96%B4%EA%B0%84%EB%8B%A4~~~ HTTP/1.1" 200 7
192.168.0.9 - - [11/Feb/2020:17:22:33 +0900] "GET /fcmtest/send_token.do?token=dYSiTVZyt50:APA91bFhAt1IAWQ2ULpbz4ZqiAvPPYQdyr5pIvTQT7XNivjM_C4m1InaNtbAUBO-ZeP49DdDYhZwoV2zHB3Zpcfb_8Wwu5SUcYxt704d67zmVD1gWq4i4pOuvLjlDhUhdvg5ZggqRmgZ HTTP/1.1" 200 7
192.168.0.62 - - [11/Feb/2020:17:22:38 +0900] "GET /fcmtest/send_token.do?token=cIHMCj4PfDM:APA91bGhfwbtR71qxogm7FuNMp0Hi5q7XKlNBZJ2EKx7qn6ZfX_nSg3sb9LtyWq4S3CaRet5QGurSRH_aLPOOaZZc330KvJHZep6wm0uFFGnohPZAiXJWCciI4ebp-M_B5o4sUvx558y HTTP/1.1" 200 7
192.168.0.9 - - [11/Feb/2020:17:22:38 +0900] "GET /fcmtest/send_token.do?token=dYSiTVZyt50:APA91bFhAt1IAWQ2ULpbz4ZqiAvPPYQdyr5pIvTQT7XNivjM_C4m1InaNtbAUBO-ZeP49DdDYhZwoV2zHB3Zpcfb_8Wwu5SUcYxt704d67zmVD1gWq4i4pOuvLjlDhUhdvg5ZggqRmgZ HTTP/1.1" 200 7
127.0.0.1 - - [11/Feb/2020:17:27:55 +0900] "GET / HTTP/1.1" 404 1115
0:0:0:0:0:0:0:1 - - [11/Feb/2020:17:27:56 +0900] "GET /fcmtest/ HTTP/1.1" 200 164
192.168.0.2 - - [11/Feb/2020:17:28:00 +0900] "GET /fcmtest/send_token.do?token=c2VSFkXz0dQ:APA91bFJrgShUbYHY87yXRY7pgNtIeXRMW7rhoueCPpsOgsm4QTJmrK7tRmQKoCUP-fZAG8xBLUNXQJrhMo3EFqJ8EgRNi0xMRW5_zXAG1bojGfIx3Ayhvqy0EURPAI5Rq4hkFvedFAJ HTTP/1.1" 200 7
0:0:0:0:0:0:0:1 - - [11/Feb/2020:17:28:06 +0900] "GET /fcmtest/send_fcm_all.do?title=%EA%B3%B5%EC%A7%80%EC%82%AC%ED%95%AD&content=%EB%A9%94%EC%8B%9C%EC%A7%80+%EC%A0%95%EB%A7%90+%EB%93%A4%EC%96%B4%EA%B0%84%EB%8B%A4~~~ HTTP/1.1" 200 7
127.0.0.1 - - [11/Feb/2020:17:32:22 +0900] "GET / HTTP/1.1" 404 1115
0:0:0:0:0:0:0:1 - - [11/Feb/2020:17:32:23 +0900] "GET /fcmtest/ HTTP/1.1" 200 164
192.168.0.2 - - [11/Feb/2020:17:32:27 +0900] "GET /fcmtest/send_token.do?token=c2VSFkXz0dQ:APA91bFJrgShUbYHY87yXRY7pgNtIeXRMW7rhoueCPpsOgsm4QTJmrK7tRmQKoCUP-fZAG8xBLUNXQJrhMo3EFqJ8EgRNi0xMRW5_zXAG1bojGfIx3Ayhvqy0EURPAI5Rq4hkFvedFAJ HTTP/1.1" 200 7
0:0:0:0:0:0:0:1 - - [11/Feb/2020:17:32:33 +0900] "GET /fcmtest/send_fcm_all.do?title=%EA%B3%B5%EC%A7%80%EC%82%AC%ED%95%AD&content=%EB%A9%94%EC%8B%9C%EC%A7%80+%EC%A0%95%EB%A7%90+%EB%93%A4%EC%96%B4%EA%B0%84%EB%8B%A4~~~ HTTP/1.1" 200 7
192.168.0.62 - - [11/Feb/2020:17:33:08 +0900] "GET /fcmtest/send_token.do?token=cIHMCj4PfDM:APA91bGhfwbtR71qxogm7FuNMp0Hi5q7XKlNBZJ2EKx7qn6ZfX_nSg3sb9LtyWq4S3CaRet5QGurSRH_aLPOOaZZc330KvJHZep6wm0uFFGnohPZAiXJWCciI4ebp-M_B5o4sUvx558y HTTP/1.1" 200 7
192.168.0.62 - - [11/Feb/2020:17:33:12 +0900] "GET /fcmtest/send_token.do?token=cIHMCj4PfDM:APA91bGhfwbtR71qxogm7FuNMp0Hi5q7XKlNBZJ2EKx7qn6ZfX_nSg3sb9LtyWq4S3CaRet5QGurSRH_aLPOOaZZc330KvJHZep6wm0uFFGnohPZAiXJWCciI4ebp-M_B5o4sUvx558y HTTP/1.1" 200 7
0:0:0:0:0:0:0:1 - - [11/Feb/2020:17:33:25 +0900] "GET /fcmtest/send_fcm_all.do?title=%EA%B3%B5%EC%A7%80%EC%82%AC%ED%95%AD&content=%EB%A9%94%EC%8B%9C%EC%A7%80+%EC%A0%95%EB%A7%90+%EB%93%A4%EC%96%B4%EA%B0%84%EB%8B%A4~~~ HTTP/1.1" 200 7
0:0:0:0:0:0:0:1 - - [11/Feb/2020:17:36:40 +0900] "GET /fcmtest/send_fcm_all.do?title=%EA%B3%B5%EC%A7%80%EC%82%AC%ED%95%AD&content=%EB%A9%94%EC%8B%9C%EC%A7%80+%EC%A0%95%EB%A7%90+%EB%93%A4%EC%96%B4%EA%B0%84%EB%8B%A4~~~ HTTP/1.1" 200 7
192.168.0.2 - - [11/Feb/2020:17:43:20 +0900] "GET /fcmtest/send_token.do?token=eJA-J0A7zKA:APA91bE35v_D_Cvw4sVDfccbzEkNjf8lWfCH9lEX2YceUpyDPHjT87zLFcGF3jb39Gtzr9hBDXauo-oiXL7LFSt49d636prUiqo811FCzPFSs9DaffdYOB2H3K6G8GAi4_9yvFRsEIFR HTTP/1.1" 200 7
0:0:0:0:0:0:0:1 - - [11/Feb/2020:17:43:33 +0900] "GET /fcmtest/send_fcm_all.do?title=%EA%B3%B5%EC%A7%80%EC%82%AC%ED%95%AD&content=%EB%A9%94%EC%8B%9C%EC%A7%80+%EC%A0%95%EB%A7%90+%EB%93%A4%EC%96%B4%EA%B0%84%EB%8B%A4~~~ HTTP/1.1" 200 7
0:0:0:0:0:0:0:1 - - [11/Feb/2020:17:44:00 +0900] "GET /fcmtest/send_fcm_all.do?title=%EA%B3%B5%EC%A7%80%EC%82%AC%ED%95%AD&content=%EB%A9%94%EC%8B%9C%EC%A7%80+%EC%A0%95%EB%A7%90+%EB%93%A4%EC%96%B4%EA%B0%84%EB%8B%A4~~~ HTTP/1.1" 200 7
0:0:0:0:0:0:0:1 - - [11/Feb/2020:17:55:50 +0900] "GET /fcmtest/send_fcm_all.do?title=%EA%B3%B5%EC%A7%80%EC%82%AC%ED%95%AD&content=%EC%9E%98+%EB%93%A4%EC%96%B4%EA%B0%80%EB%82%98~~~ HTTP/1.1" 200 7
192.168.0.44 - - [11/Feb/2020:17:56:09 +0900] "GET /fcmtest/send_token.do?token=dUqLXqFrO9M:APA91bGRsXaf9Hs1txxCUUrRnJvxiT06_ONgcnkay9t5Rb6BVutCGPIrlllxfA58FRGMMNOWUkQBDo_I3ovf9R_Bvn7SWG5h-FedkXhEOOF-xgClpE1ECjm0biriL7EzKzL2EWmxNMS7 HTTP/1.1" 200 7
192.168.0.44 - - [11/Feb/2020:17:56:38 +0900] "GET /fcmtest/send_token.do?token=dUqLXqFrO9M:APA91bGRsXaf9Hs1txxCUUrRnJvxiT06_ONgcnkay9t5Rb6BVutCGPIrlllxfA58FRGMMNOWUkQBDo_I3ovf9R_Bvn7SWG5h-FedkXhEOOF-xgClpE1ECjm0biriL7EzKzL2EWmxNMS7 HTTP/1.1" 200 7
0:0:0:0:0:0:0:1 - - [11/Feb/2020:17:57:04 +0900] "GET /fcmtest/send_fcm_all.do?title=%EA%B3%B5%EC%A7%80%EC%82%AC%ED%95%AD&content=%EC%9E%98+%EB%93%A4%EC%96%B4%EA%B0%80%EB%82%98~~~ HTTP/1.1" 200 7
192.168.0.44 - - [11/Feb/2020:18:21:11 +0900] "GET /fcmtest/send_token.do?token=dUqLXqFrO9M:APA91bGRsXaf9Hs1txxCUUrRnJvxiT06_ONgcnkay9t5Rb6BVutCGPIrlllxfA58FRGMMNOWUkQBDo_I3ovf9R_Bvn7SWG5h-FedkXhEOOF-xgClpE1ECjm0biriL7EzKzL2EWmxNMS7 HTTP/1.1" 200 7
192.168.0.53 - - [11/Feb/2020:18:21:23 +0900] "GET /fcmtest/send_token.do?token=d5bVYZW31RA:APA91bFXwU9dInvN4e0772Uj3bYvo1nlQZ1fEDI-xeV8X9lbST0cRdZ4Rqd9S_nOMN3tOxHQQPcEU7ceHokRKXjn7d9mJ2RJe3YUqkNk_s1We-UGVx9H8ZJX34fRv8QCidh2Tjlqrt9O HTTP/1.1" 200 7
192.168.0.53 - - [11/Feb/2020:18:21:23 +0900] "GET /favicon.ico HTTP/1.1" 404 1126
192.168.0.53 - - [11/Feb/2020:18:21:27 +0900] "GET /fcmtest/send_token.do?token=d5bVYZW31RA:APA91bFXwU9dInvN4e0772Uj3bYvo1nlQZ1fEDI-xeV8X9lbST0cRdZ4Rqd9S_nOMN3tOxHQQPcEU7ceHokRKXjn7d9mJ2RJe3YUqkNk_s1We-UGVx9H8ZJX34fRv8QCidh2Tjlqrt9O HTTP/1.1" 200 7
0:0:0:0:0:0:0:1 - - [11/Feb/2020:18:21:46 +0900] "GET /fcmtest/send_fcm_all.do?title=%EA%B3%B5%EC%A7%80%EC%82%AC%ED%95%AD&content=%EC%9E%98+%EB%93%A4%EC%96%B4%EA%B0%80%EB%82%98~~~ HTTP/1.1" 200 7
192.168.0.44 - - [11/Feb/2020:18:22:04 +0900] "GET /fcmtest/send_token.do?token=dUqLXqFrO9M:APA91bGRsXaf9Hs1txxCUUrRnJvxiT06_ONgcnkay9t5Rb6BVutCGPIrlllxfA58FRGMMNOWUkQBDo_I3ovf9R_Bvn7SWG5h-FedkXhEOOF-xgClpE1ECjm0biriL7EzKzL2EWmxNMS7 HTTP/1.1" 200 7
0:0:0:0:0:0:0:1 - - [11/Feb/2020:18:22:31 +0900] "GET /fcmtest/send_fcm_all.do?title=%EA%B3%B5%EC%A7%80%EC%82%AC%ED%95%AD111&content=%EC%9E%98+%EB%93%A4%EC%96%B4%EA%B0%80%EB%82%98~~~ HTTP/1.1" 200 7
192.168.0.53 - - [11/Feb/2020:18:23:03 +0900] "GET /fcmtest/send_token.do?token=d5bVYZW31RA:APA91bFXwU9dInvN4e0772Uj3bYvo1nlQZ1fEDI-xeV8X9lbST0cRdZ4Rqd9S_nOMN3tOxHQQPcEU7ceHokRKXjn7d9mJ2RJe3YUqkNk_s1We-UGVx9H8ZJX34fRv8QCidh2Tjlqrt9O HTTP/1.1" 200 7
0:0:0:0:0:0:0:1 - - [11/Feb/2020:18:23:11 +0900] "GET /fcmtest/send_fcm_all.do?title=%EA%B3%B5%EC%A7%80%EC%82%AC%ED%95%AD111&content=%EC%9E%98+%EB%93%A4%EC%96%B4%EA%B0%80%EB%82%98~~~ HTTP/1.1" 200 7
